[33mhttp://0.0.0.0:8080 is already in use. Trying another port.[39m
[36mReady for changes[39m
[32mServing "/Users/asher/Hw/CS476-LandingPage/archive" at http://127.0.0.1:62218[39m
[0mGET /bootstrap-5.3.8/dist/css/bootstrap.min.css [33m404[0m 1.087 ms - 181[0m
[0mGET /bootstrap-5.3.8/dist/js/bootstrap.bundle.min.js [33m404[0m 0.394 ms - 186[0m
[0mGET /images/logo.webp [33m404[0m 0.481 ms - 155[0m
[0mGET /favicon.ico [33m404[0m 0.217 ms - 150[0m
[0mGET /bootstrap-5.3.8/dist/css/bootstrap.min.css [33m404[0m 1.375 ms - 181[0m
[0mGET /bootstrap-5.3.8/dist/js/bootstrap.bundle.min.js [33m404[0m 1.147 ms - 186[0m
[0mGET /images/logo.webp [33m404[0m 0.278 ms - 155[0m
[0mGET /about-us/index.html [33m404[0m 0.665 ms - 158[0m
[0mGET /bootstrap-5.3.8/dist/css/bootstrap.min.css [33m404[0m 0.671 ms - 181[0m
[0mGET /bootstrap-5.3.8/dist/js/bootstrap.bundle.min.js [33m404[0m 0.906 ms - 186[0m
[36mChange detected[39m /Users/asher/Hw/CS476-LandingPage/archive/index.html
[0mGET /bootstrap-5.3.8/dist/css/bootstrap.min.css [33m404[0m 4.848 ms - 181[0m
[0mGET /bootstrap-5.3.8/dist/js/bootstrap.bundle.min.js [33m404[0m 2.891 ms - 186[0m
[0mGET /images/logo.webp [33m404[0m 0.971 ms - 155[0m
[0mGET /bootstrap-5.3.8/dist/css/bootstrap.min.css [33m404[0m 0.439 ms - 181[0m
[0mGET /images/logo.webp [33m404[0m 0.780 ms - 155[0m
[0mGET /bootstrap-5.3.8/dist/js/bootstrap.bundle.min.js [33m404[0m 0.925 ms - 186[0m
[36mChange detected[39m /Users/asher/Hw/CS476-LandingPage/archive/index.html
[0mGET /bootstrap-5.3.8/dist/css/bootstrap.min.css [33m404[0m 1.441 ms - 181[0m
[0mGET /bootstrap-5.3.8/dist/js/bootstrap.bundle.min.js [33m404[0m 1.360 ms - 186[0m
[0mGET /images/logo.webp [33m404[0m 0.472 ms - 155[0m
